2024-05-21 15:40:47 - INFO - Request created.
2024-05-21 15:41:13 - INFO - Created a directory C:\Users\niwi9751\potku\requests\20240521-PostAnnealZrO2.potku\Sample_01-Mo\Measurement_01-Mo-Ref\Data.
2024-05-21 15:41:13 - INFO - Created a directory C:\Users\niwi9751\potku\requests\20240521-PostAnnealZrO2.potku\Sample_01-Mo\Measurement_01-Mo-Ref\Data\Cuts.
2024-05-21 15:41:13 - INFO - Created a directory C:\Users\niwi9751\potku\requests\20240521-PostAnnealZrO2.potku\Sample_01-Mo\Measurement_01-Mo-Ref\Composition_changes.
2024-05-21 15:41:13 - INFO - Created a directory C:\Users\niwi9751\potku\requests\20240521-PostAnnealZrO2.potku\Sample_01-Mo\Measurement_01-Mo-Ref\Composition_changes\Changes.
2024-05-21 15:41:13 - INFO - Created a directory C:\Users\niwi9751\potku\requests\20240521-PostAnnealZrO2.potku\Sample_01-Mo\Measurement_01-Mo-Ref\Depth_profiles.
2024-05-21 15:41:13 - INFO - Created a directory C:\Users\niwi9751\potku\requests\20240521-PostAnnealZrO2.potku\Sample_01-Mo\Measurement_01-Mo-Ref\Energy_spectra.
2024-05-21 15:41:13 - INFO - Created a directory C:\Users\niwi9751\potku\requests\20240521-PostAnnealZrO2.potku\Sample_01-Mo\Measurement_01-Mo-Ref\tof_in.
2024-05-21 15:41:14 - INFO - [Measurement : Mo-Ref] - There was no old selection file to add to this request.
2024-05-21 15:41:30 - INFO - Created a directory C:\Users\niwi9751\potku\requests\20240521-PostAnnealZrO2.potku\Sample_02-Cu\Measurement_01-Cu-Ref\Data.
2024-05-21 15:41:30 - INFO - Created a directory C:\Users\niwi9751\potku\requests\20240521-PostAnnealZrO2.potku\Sample_02-Cu\Measurement_01-Cu-Ref\Data\Cuts.
2024-05-21 15:41:30 - INFO - Created a directory C:\Users\niwi9751\potku\requests\20240521-PostAnnealZrO2.potku\Sample_02-Cu\Measurement_01-Cu-Ref\Composition_changes.
2024-05-21 15:41:30 - INFO - Created a directory C:\Users\niwi9751\potku\requests\20240521-PostAnnealZrO2.potku\Sample_02-Cu\Measurement_01-Cu-Ref\Composition_changes\Changes.
2024-05-21 15:41:30 - INFO - Created a directory C:\Users\niwi9751\potku\requests\20240521-PostAnnealZrO2.potku\Sample_02-Cu\Measurement_01-Cu-Ref\Depth_profiles.
2024-05-21 15:41:30 - INFO - Created a directory C:\Users\niwi9751\potku\requests\20240521-PostAnnealZrO2.potku\Sample_02-Cu\Measurement_01-Cu-Ref\Energy_spectra.
2024-05-21 15:41:30 - INFO - Created a directory C:\Users\niwi9751\potku\requests\20240521-PostAnnealZrO2.potku\Sample_02-Cu\Measurement_01-Cu-Ref\tof_in.
2024-05-21 15:41:30 - INFO - [Measurement : Cu-Ref] - There was no old selection file to add to this request.
2024-05-21 15:41:44 - INFO - Created a directory C:\Users\niwi9751\potku\requests\20240521-PostAnnealZrO2.potku\Sample_03-SiC\Measurement_01-SiC-Ref\Data.
2024-05-21 15:41:44 - INFO - Created a directory C:\Users\niwi9751\potku\requests\20240521-PostAnnealZrO2.potku\Sample_03-SiC\Measurement_01-SiC-Ref\Data\Cuts.
2024-05-21 15:41:44 - INFO - Created a directory C:\Users\niwi9751\potku\requests\20240521-PostAnnealZrO2.potku\Sample_03-SiC\Measurement_01-SiC-Ref\Composition_changes.
2024-05-21 15:41:44 - INFO - Created a directory C:\Users\niwi9751\potku\requests\20240521-PostAnnealZrO2.potku\Sample_03-SiC\Measurement_01-SiC-Ref\Composition_changes\Changes.
2024-05-21 15:41:44 - INFO - Created a directory C:\Users\niwi9751\potku\requests\20240521-PostAnnealZrO2.potku\Sample_03-SiC\Measurement_01-SiC-Ref\Depth_profiles.
2024-05-21 15:41:44 - INFO - Created a directory C:\Users\niwi9751\potku\requests\20240521-PostAnnealZrO2.potku\Sample_03-SiC\Measurement_01-SiC-Ref\Energy_spectra.
2024-05-21 15:41:44 - INFO - Created a directory C:\Users\niwi9751\potku\requests\20240521-PostAnnealZrO2.potku\Sample_03-SiC\Measurement_01-SiC-Ref\tof_in.
2024-05-21 15:41:44 - INFO - [Measurement : SiC-Ref] - There was no old selection file to add to this request.
2024-05-21 15:42:01 - INFO - Created a directory C:\Users\niwi9751\potku\requests\20240521-PostAnnealZrO2.potku\Sample_04-TiN\Measurement_01-TiN-Ref\Data.
2024-05-21 15:42:01 - INFO - Created a directory C:\Users\niwi9751\potku\requests\20240521-PostAnnealZrO2.potku\Sample_04-TiN\Measurement_01-TiN-Ref\Data\Cuts.
2024-05-21 15:42:01 - INFO - Created a directory C:\Users\niwi9751\potku\requests\20240521-PostAnnealZrO2.potku\Sample_04-TiN\Measurement_01-TiN-Ref\Composition_changes.
2024-05-21 15:42:01 - INFO - Created a directory C:\Users\niwi9751\potku\requests\20240521-PostAnnealZrO2.potku\Sample_04-TiN\Measurement_01-TiN-Ref\Composition_changes\Changes.
2024-05-21 15:42:01 - INFO - Created a directory C:\Users\niwi9751\potku\requests\20240521-PostAnnealZrO2.potku\Sample_04-TiN\Measurement_01-TiN-Ref\Depth_profiles.
2024-05-21 15:42:01 - INFO - Created a directory C:\Users\niwi9751\potku\requests\20240521-PostAnnealZrO2.potku\Sample_04-TiN\Measurement_01-TiN-Ref\Energy_spectra.
2024-05-21 15:42:01 - INFO - Created a directory C:\Users\niwi9751\potku\requests\20240521-PostAnnealZrO2.potku\Sample_04-TiN\Measurement_01-TiN-Ref\tof_in.
2024-05-21 15:42:01 - INFO - [Measurement : TiN-Ref] - There was no old selection file to add to this request.
2024-05-21 15:42:27 - INFO - Created a directory C:\Users\niwi9751\potku\requests\20240521-PostAnnealZrO2.potku\Sample_05-Kr\Measurement_01-Kr-Imp\Data.
2024-05-21 15:42:27 - INFO - Created a directory C:\Users\niwi9751\potku\requests\20240521-PostAnnealZrO2.potku\Sample_05-Kr\Measurement_01-Kr-Imp\Data\Cuts.
2024-05-21 15:42:27 - INFO - Created a directory C:\Users\niwi9751\potku\requests\20240521-PostAnnealZrO2.potku\Sample_05-Kr\Measurement_01-Kr-Imp\Composition_changes.
2024-05-21 15:42:27 - INFO - Created a directory C:\Users\niwi9751\potku\requests\20240521-PostAnnealZrO2.potku\Sample_05-Kr\Measurement_01-Kr-Imp\Composition_changes\Changes.
2024-05-21 15:42:27 - INFO - Created a directory C:\Users\niwi9751\potku\requests\20240521-PostAnnealZrO2.potku\Sample_05-Kr\Measurement_01-Kr-Imp\Depth_profiles.
2024-05-21 15:42:27 - INFO - Created a directory C:\Users\niwi9751\potku\requests\20240521-PostAnnealZrO2.potku\Sample_05-Kr\Measurement_01-Kr-Imp\Energy_spectra.
2024-05-21 15:42:27 - INFO - Created a directory C:\Users\niwi9751\potku\requests\20240521-PostAnnealZrO2.potku\Sample_05-Kr\Measurement_01-Kr-Imp\tof_in.
2024-05-21 15:42:27 - INFO - [Measurement : Kr-Imp] - There was no old selection file to add to this request.
2024-05-21 15:42:46 - INFO - Created a directory C:\Users\niwi9751\potku\requests\20240521-PostAnnealZrO2.potku\Sample_06-Xe\Measurement_01-Xe-Imp\Data.
2024-05-21 15:42:46 - INFO - Created a directory C:\Users\niwi9751\potku\requests\20240521-PostAnnealZrO2.potku\Sample_06-Xe\Measurement_01-Xe-Imp\Data\Cuts.
2024-05-21 15:42:46 - INFO - Created a directory C:\Users\niwi9751\potku\requests\20240521-PostAnnealZrO2.potku\Sample_06-Xe\Measurement_01-Xe-Imp\Composition_changes.
2024-05-21 15:42:46 - INFO - Created a directory C:\Users\niwi9751\potku\requests\20240521-PostAnnealZrO2.potku\Sample_06-Xe\Measurement_01-Xe-Imp\Composition_changes\Changes.
2024-05-21 15:42:46 - INFO - Created a directory C:\Users\niwi9751\potku\requests\20240521-PostAnnealZrO2.potku\Sample_06-Xe\Measurement_01-Xe-Imp\Depth_profiles.
2024-05-21 15:42:46 - INFO - Created a directory C:\Users\niwi9751\potku\requests\20240521-PostAnnealZrO2.potku\Sample_06-Xe\Measurement_01-Xe-Imp\Energy_spectra.
2024-05-21 15:42:46 - INFO - Created a directory C:\Users\niwi9751\potku\requests\20240521-PostAnnealZrO2.potku\Sample_06-Xe\Measurement_01-Xe-Imp\tof_in.
2024-05-21 15:42:47 - INFO - [Measurement : Xe-Imp] - There was no old selection file to add to this request.
2024-05-21 15:43:07 - INFO - Created a directory C:\Users\niwi9751\potku\requests\20240521-PostAnnealZrO2.potku\Sample_07-XeKr\Measurement_01-XeKr-Imp\Data.
2024-05-21 15:43:07 - INFO - Created a directory C:\Users\niwi9751\potku\requests\20240521-PostAnnealZrO2.potku\Sample_07-XeKr\Measurement_01-XeKr-Imp\Data\Cuts.
2024-05-21 15:43:07 - INFO - Created a directory C:\Users\niwi9751\potku\requests\20240521-PostAnnealZrO2.potku\Sample_07-XeKr\Measurement_01-XeKr-Imp\Composition_changes.
2024-05-21 15:43:07 - INFO - Created a directory C:\Users\niwi9751\potku\requests\20240521-PostAnnealZrO2.potku\Sample_07-XeKr\Measurement_01-XeKr-Imp\Composition_changes\Changes.
2024-05-21 15:43:07 - INFO - Created a directory C:\Users\niwi9751\potku\requests\20240521-PostAnnealZrO2.potku\Sample_07-XeKr\Measurement_01-XeKr-Imp\Depth_profiles.
2024-05-21 15:43:07 - INFO - Created a directory C:\Users\niwi9751\potku\requests\20240521-PostAnnealZrO2.potku\Sample_07-XeKr\Measurement_01-XeKr-Imp\Energy_spectra.
2024-05-21 15:43:07 - INFO - Created a directory C:\Users\niwi9751\potku\requests\20240521-PostAnnealZrO2.potku\Sample_07-XeKr\Measurement_01-XeKr-Imp\tof_in.
2024-05-21 15:43:07 - INFO - [Measurement : XeKr-Imp] - There was no old selection file to add to this request.
2024-05-21 15:43:20 - INFO - Created a directory C:\Users\niwi9751\potku\requests\20240521-PostAnnealZrO2.potku\Sample_05-Kr\Measurement_02-Kr-Ref\Data.
2024-05-21 15:43:20 - INFO - Created a directory C:\Users\niwi9751\potku\requests\20240521-PostAnnealZrO2.potku\Sample_05-Kr\Measurement_02-Kr-Ref\Data\Cuts.
2024-05-21 15:43:20 - INFO - Created a directory C:\Users\niwi9751\potku\requests\20240521-PostAnnealZrO2.potku\Sample_05-Kr\Measurement_02-Kr-Ref\Composition_changes.
2024-05-21 15:43:20 - INFO - Created a directory C:\Users\niwi9751\potku\requests\20240521-PostAnnealZrO2.potku\Sample_05-Kr\Measurement_02-Kr-Ref\Composition_changes\Changes.
2024-05-21 15:43:20 - INFO - Created a directory C:\Users\niwi9751\potku\requests\20240521-PostAnnealZrO2.potku\Sample_05-Kr\Measurement_02-Kr-Ref\Depth_profiles.
2024-05-21 15:43:20 - INFO - Created a directory C:\Users\niwi9751\potku\requests\20240521-PostAnnealZrO2.potku\Sample_05-Kr\Measurement_02-Kr-Ref\Energy_spectra.
2024-05-21 15:43:20 - INFO - Created a directory C:\Users\niwi9751\potku\requests\20240521-PostAnnealZrO2.potku\Sample_05-Kr\Measurement_02-Kr-Ref\tof_in.
2024-05-21 15:43:20 - INFO - [Measurement : Kr-Ref] - There was no old selection file to add to this request.
2024-05-21 15:44:23 - INFO - Created a directory C:\Users\niwi9751\potku\requests\20240521-PostAnnealZrO2.potku\Sample_05-Kr\Measurement_03-Kr-Imp2\Data.
2024-05-21 15:44:23 - INFO - Created a directory C:\Users\niwi9751\potku\requests\20240521-PostAnnealZrO2.potku\Sample_05-Kr\Measurement_03-Kr-Imp2\Data\Cuts.
2024-05-21 15:44:23 - INFO - Created a directory C:\Users\niwi9751\potku\requests\20240521-PostAnnealZrO2.potku\Sample_05-Kr\Measurement_03-Kr-Imp2\Composition_changes.
2024-05-21 15:44:23 - INFO - Created a directory C:\Users\niwi9751\potku\requests\20240521-PostAnnealZrO2.potku\Sample_05-Kr\Measurement_03-Kr-Imp2\Composition_changes\Changes.
2024-05-21 15:44:23 - INFO - Created a directory C:\Users\niwi9751\potku\requests\20240521-PostAnnealZrO2.potku\Sample_05-Kr\Measurement_03-Kr-Imp2\Depth_profiles.
2024-05-21 15:44:23 - INFO - Created a directory C:\Users\niwi9751\potku\requests\20240521-PostAnnealZrO2.potku\Sample_05-Kr\Measurement_03-Kr-Imp2\Energy_spectra.
2024-05-21 15:44:23 - INFO - Created a directory C:\Users\niwi9751\potku\requests\20240521-PostAnnealZrO2.potku\Sample_05-Kr\Measurement_03-Kr-Imp2\tof_in.
2024-05-21 15:44:23 - INFO - [Measurement : Kr-Imp2] - There was no old selection file to add to this request.
2024-05-21 15:44:54 - INFO - Created a directory C:\Users\niwi9751\potku\requests\20240521-PostAnnealZrO2.potku\Sample_05-Kr\Measurement_04-Kr-Imp\Data.
2024-05-21 15:44:54 - INFO - Created a directory C:\Users\niwi9751\potku\requests\20240521-PostAnnealZrO2.potku\Sample_05-Kr\Measurement_04-Kr-Imp\Data\Cuts.
2024-05-21 15:44:54 - INFO - Created a directory C:\Users\niwi9751\potku\requests\20240521-PostAnnealZrO2.potku\Sample_05-Kr\Measurement_04-Kr-Imp\Composition_changes.
2024-05-21 15:44:54 - INFO - Created a directory C:\Users\niwi9751\potku\requests\20240521-PostAnnealZrO2.potku\Sample_05-Kr\Measurement_04-Kr-Imp\Composition_changes\Changes.
2024-05-21 15:44:54 - INFO - Created a directory C:\Users\niwi9751\potku\requests\20240521-PostAnnealZrO2.potku\Sample_05-Kr\Measurement_04-Kr-Imp\Depth_profiles.
2024-05-21 15:44:54 - INFO - Created a directory C:\Users\niwi9751\potku\requests\20240521-PostAnnealZrO2.potku\Sample_05-Kr\Measurement_04-Kr-Imp\Energy_spectra.
2024-05-21 15:44:54 - INFO - Created a directory C:\Users\niwi9751\potku\requests\20240521-PostAnnealZrO2.potku\Sample_05-Kr\Measurement_04-Kr-Imp\tof_in.
2024-05-21 15:44:54 - INFO - [Measurement : Kr-Imp] - There was no old selection file to add to this request.
2024-05-21 15:46:18 - INFO - [Measurement : Mo-Ref] - Saving finished in 0.005985260009765625 seconds.
2024-05-21 15:47:40 - INFO - [Measurement : SiC-Ref] - Saving single cut finished in 0.005984067916870117 seconds.
2024-05-21 15:47:41 - INFO - [Measurement : SiC-Ref] - Saving finished in 0.007992029190063477 seconds.
2024-05-21 15:48:25 - INFO - [Measurement : TiN-Ref] - Saving finished in 0.006952762603759766 seconds.
2024-05-21 15:50:03 - INFO - [Measurement : Cu-Ref] - Selection file C:\Users\niwi9751\potku\requests\20240521-PostAnnealZrO2.potku\Sample_02-Cu\Measurement_01-Cu-Ref\Data\Cu-Ref.selections was read successfully!
2024-05-21 15:50:05 - INFO - [Measurement : Cu-Ref] - Saving finished in 0.0050203800201416016 seconds.
2024-05-21 15:53:47 - INFO - [Measurement : Kr-Ref] - There was no old selection file to add to this request.
2024-05-21 15:58:04 - INFO - [Measurement : Kr-Ref] - Saving finished in 0.06980729103088379 seconds.
2024-05-21 15:58:42 - INFO - [Measurement : Kr-Ref] - Saving single cut finished in 0.008975982666015625 seconds.
2024-05-21 15:58:43 - INFO - [Measurement : Kr-Ref] - Saving finished in 0.07177853584289551 seconds.
2024-05-21 16:00:41 - INFO - [Measurement : Kr-Ref] - Saving single cut finished in 0.03390908241271973 seconds.
2024-05-21 16:00:42 - INFO - [Measurement : Kr-Ref] - Saving finished in 0.07083916664123535 seconds.
2024-05-21 16:02:18 - INFO - [Measurement : Kr-Ref] - Saving single cut finished in 0.01197195053100586 seconds.
2024-05-21 16:02:19 - INFO - [Measurement : Kr-Ref] - Saving finished in 0.0687861442565918 seconds.
2024-05-21 16:04:56 - INFO - [Measurement : Kr-Ref] - Saving single cut finished in 0.03491544723510742 seconds.
2024-05-21 16:04:57 - INFO - [Measurement : Kr-Ref] - Saving finished in 0.07077765464782715 seconds.
2024-05-21 16:04:59 - INFO - [Measurement : Kr-Ref] - Saving finished in 0.07082533836364746 seconds.
2024-05-21 16:05:02 - INFO - [Measurement : Kr-Imp] - There was no old selection file to add to this request.
2024-05-21 16:05:25 - INFO - [Measurement : Kr-Imp] - Chosen selections were read successfully!
2024-05-21 16:05:30 - INFO - [Measurement : Kr-Imp] - Saving finished in 0.2233726978302002 seconds.
2024-05-21 16:08:12 - INFO - [Measurement : Kr-Imp] - Saving finished in 0.24636459350585938 seconds.
2024-05-21 16:11:27 - INFO - [Measurement : Kr-Imp] - Saving single cut finished in 0.029937028884887695 seconds.
2024-05-21 16:11:28 - INFO - [Measurement : Kr-Imp] - Saving finished in 0.24434590339660645 seconds.
2024-05-21 16:11:34 - INFO - [Measurement : Kr-Imp] - Generated tof.in with params> 0
2024-05-21 16:11:59 - INFO - [Measurement : Kr-Imp] - Backed up old tof.in file to C:\Users\niwi9751\potku\requests\20240521-PostAnnealZrO2.potku\Sample_05-Kr\Measurement_04-Kr-Imp\tof_in\tof.in_2024-05-21_16.11.59.bak
2024-05-21 16:11:59 - INFO - [Measurement : Kr-Imp] - Generated tof.in with params> 0
2024-05-21 16:23:04 - INFO - [Measurement : Kr-Imp] - Backed up old tof.in file to C:\Users\niwi9751\potku\requests\20240521-PostAnnealZrO2.potku\Sample_05-Kr\Measurement_04-Kr-Imp\tof_in\tof.in_2024-05-21_16.23.04.bak
2024-05-21 16:23:04 - INFO - [Measurement : Kr-Imp] - Generated tof.in with params> 0
2024-05-21 16:26:17 - INFO - [Measurement : Xe-Imp] - There was no old selection file to add to this request.
2024-05-22 09:13:56 - INFO - [Measurement : Xe-Imp] - There was no old selection file to add to this request.
2024-05-22 09:14:23 - INFO - [Measurement : Xe-Imp] - Chosen selections were read successfully!
2024-05-22 09:16:23 - INFO - [Measurement : Xe-Imp] - Saving single cut finished in 0.02193927764892578 seconds.
2024-05-22 09:18:50 - INFO - [Measurement : Xe-Imp] - Saving finished in 0.25032973289489746 seconds.
2024-05-22 09:18:52 - INFO - [Measurement : Xe-Imp] - Saving single cut finished in 0.03490638732910156 seconds.
2024-05-22 09:19:14 - INFO - [Measurement : Xe-Imp] - Generated tof.in with params> 0
2024-05-22 09:20:10 - INFO - [Measurement : XeKr-Imp] - There was no old selection file to add to this request.
2024-05-22 09:20:33 - INFO - [Measurement : XeKr-Imp] - Chosen selections were read successfully!
2024-05-22 09:21:00 - INFO - [Measurement : XeKr-Imp] - Chosen selections were read successfully!
2024-05-22 09:21:06 - INFO - [Measurement : XeKr-Imp] - Saving finished in 0.2732386589050293 seconds.
2024-05-22 09:21:14 - INFO - [Measurement : XeKr-Imp] - Generated tof.in with params> 0
2024-05-22 09:42:14 - INFO - [Measurement : Kr-Imp] - Selection file C:\Users\niwi9751\potku\requests\20240521-PostAnnealZrO2.potku\Sample_05-Kr\Measurement_04-Kr-Imp\Data\Kr-Imp.selections was read successfully!
2024-05-22 09:42:32 - INFO - [Measurement : XeKr-Imp] - Selection file C:\Users\niwi9751\potku\requests\20240521-PostAnnealZrO2.potku\Sample_07-XeKr\Measurement_01-XeKr-Imp\Data\XeKr-Imp.selections was read successfully!
2024-05-22 09:42:37 - INFO - [Measurement : Xe-Imp] - Selection file C:\Users\niwi9751\potku\requests\20240521-PostAnnealZrO2.potku\Sample_06-Xe\Measurement_01-Xe-Imp\Data\Xe-Imp.selections was read successfully!
2024-05-22 09:43:17 - INFO - [Measurement : Kr-Imp] - Chosen selections were read successfully!
2024-05-22 09:43:25 - INFO - [Measurement : Kr-Imp] - Saving finished in 0.2803928852081299 seconds.
2024-05-22 09:44:13 - INFO - [Measurement : Xe-Imp] - Chosen selections were read successfully!
2024-05-22 09:44:15 - INFO - [Measurement : Xe-Imp] - Saving finished in 0.267284631729126 seconds.
2024-05-22 09:44:55 - INFO - [Measurement : Xe-Imp] - Saving finished in 0.2732405662536621 seconds.
2024-05-22 09:45:17 - INFO - [Measurement : XeKr-Imp] - Chosen selections were read successfully!
2024-05-22 09:45:20 - INFO - [Measurement : XeKr-Imp] - Saving finished in 0.2742655277252197 seconds.
2024-05-22 14:26:00 - INFO - [Measurement : Mo-Ref] - Selection file C:\Users\niwi9751\potku\requests\20240521-PostAnnealZrO2.potku\Sample_01-Mo\Measurement_01-Mo-Ref\Data\Mo-Ref.selections was read successfully!
2024-05-22 14:26:04 - INFO - [Measurement : Cu-Ref] - Selection file C:\Users\niwi9751\potku\requests\20240521-PostAnnealZrO2.potku\Sample_02-Cu\Measurement_01-Cu-Ref\Data\Cu-Ref.selections was read successfully!
2024-05-22 14:26:06 - INFO - [Measurement : SiC-Ref] - Selection file C:\Users\niwi9751\potku\requests\20240521-PostAnnealZrO2.potku\Sample_03-SiC\Measurement_01-SiC-Ref\Data\SiC-Ref.selections was read successfully!
2024-05-22 14:26:07 - INFO - [Measurement : TiN-Ref] - Selection file C:\Users\niwi9751\potku\requests\20240521-PostAnnealZrO2.potku\Sample_04-TiN\Measurement_01-TiN-Ref\Data\TiN-Ref.selections was read successfully!
2024-05-22 14:34:16 - INFO - [Measurement : Kr-Imp] - Selection file C:\Users\niwi9751\potku\requests\20240521-PostAnnealZrO2.potku\Sample_05-Kr\Measurement_04-Kr-Imp\Data\Kr-Imp.selections was read successfully!
2024-05-22 14:34:33 - INFO - [Measurement : Xe-Imp] - Selection file C:\Users\niwi9751\potku\requests\20240521-PostAnnealZrO2.potku\Sample_06-Xe\Measurement_01-Xe-Imp\Data\Xe-Imp.selections was read successfully!
2024-05-22 14:34:46 - INFO - [Measurement : Xe-Imp] - Saving finished in 0.3310379981994629 seconds.
2024-05-22 14:35:39 - INFO - [Measurement : XeKr-Imp] - Selection file C:\Users\niwi9751\potku\requests\20240521-PostAnnealZrO2.potku\Sample_07-XeKr\Measurement_01-XeKr-Imp\Data\XeKr-Imp.selections was read successfully!
2024-05-22 14:35:43 - INFO - [Measurement : Kr-Ref] - Selection file C:\Users\niwi9751\potku\requests\20240521-PostAnnealZrO2.potku\Sample_05-Kr\Measurement_02-Kr-Ref\Data\Kr-Ref.selections was read successfully!
2024-05-22 14:43:49 - INFO - [Measurement : Kr-Imp] - Chosen selections were read successfully!
2024-05-22 14:50:22 - INFO - [Measurement : Kr-Imp] - Chosen selections were read successfully!
2024-05-22 14:50:27 - INFO - [Measurement : Kr-Imp] - Saving finished in 0.3051483631134033 seconds.
2024-05-22 15:41:36 - INFO - [Measurement : Kr-Ref] - Selection file C:\Users\niwi9751\potku\requests\20240521-PostAnnealZrO2.potku\Sample_05-Kr\Measurement_02-Kr-Ref\Data\Kr-Ref.selections was read successfully!
2024-05-22 15:41:37 - INFO - [Measurement : Kr-Imp] - Selection file C:\Users\niwi9751\potku\requests\20240521-PostAnnealZrO2.potku\Sample_05-Kr\Measurement_04-Kr-Imp\Data\Kr-Imp.selections was read successfully!
2024-05-23 14:58:55 - INFO - [Measurement : Kr-Imp] - Selection file C:\Users\niwi9751\potku\requests\20240521-PostAnnealZrO2.potku\Sample_05-Kr\Measurement_04-Kr-Imp\Data\Kr-Imp.selections was read successfully!
2024-05-23 15:26:05 - INFO - [Measurement : Kr-Ref] - Selection file C:\Users\niwi9751\potku\requests\20240521-PostAnnealZrO2.potku\Sample_05-Kr\Measurement_02-Kr-Ref\Data\Kr-Ref.selections was read successfully!
2024-05-23 15:26:13 - INFO - [Measurement : Kr-Ref] - Generated tof.in with params> 0
2024-05-23 16:44:28 - INFO - [Measurement : Kr-Ref] - Saving finished in 0.0688164234161377 seconds.
2024-05-24 11:55:13 - INFO - [Measurement : Kr-Imp] - Selection file C:\Users\niwi9751\potku\requests\20240521-PostAnnealZrO2.potku\Sample_05-Kr\Measurement_04-Kr-Imp\Data\Kr-Imp.selections was read successfully!
2024-05-30 09:44:57 - INFO - [Measurement : Kr-Imp] - Selection file C:\Users\niwi9751\potku\requests\20240521-PostAnnealZrO2.potku\Sample_05-Kr\Measurement_04-Kr-Imp\Data\Kr-Imp.selections was read successfully!
2024-05-30 09:46:36 - INFO - [Measurement : Kr-Imp] - Selection file C:\Users\niwi9751\potku\requests\20240521-PostAnnealZrO2.potku\Sample_05-Kr\Measurement_04-Kr-Imp\Data\Kr-Imp.selections was read successfully!
2024-05-30 09:47:09 - INFO - [Measurement : Xe-Imp] - Selection file C:\Users\niwi9751\potku\requests\20240521-PostAnnealZrO2.potku\Sample_06-Xe\Measurement_01-Xe-Imp\Data\Xe-Imp.selections was read successfully!
2024-05-30 09:49:01 - INFO - [Measurement : XeKr-Imp] - Selection file C:\Users\niwi9751\potku\requests\20240521-PostAnnealZrO2.potku\Sample_07-XeKr\Measurement_01-XeKr-Imp\Data\XeKr-Imp.selections was read successfully!
2024-08-01 10:06:19 - INFO - [Measurement : Kr-Imp] - Selection file C:\Users\nilsw\Dropbox\Nils_Files\Tof_ERDA_Files\requests\20240521-PostAnnealZrO2.potku\Sample_05-Kr\Measurement_04-Kr-Imp\Data\Kr-Imp.selections was read successfully!
2024-08-01 10:06:37 - INFO - [Measurement : Kr-Imp] - Backed up old tof.in file to C:\Users\nilsw\Dropbox\Nils_Files\Tof_ERDA_Files\requests\20240521-PostAnnealZrO2.potku\Sample_05-Kr\Measurement_04-Kr-Imp\tof_in\tof.in_2024-08-01_10.06.37.bak
2024-08-01 10:06:37 - INFO - [Measurement : Kr-Imp] - Generated tof.in with params> 0
2024-08-01 10:06:39 - ERROR - [Measurement : Kr-Imp] - Could not create Depth Profile graph: [Errno 2] No such file or directory: 'C:\\Users\\niwi9751\\potku\\requests\\20240521-PostAnnealZrO2.potku\\Sample_05-Kr\\Measurement_04-Kr-Imp\\Data\\Cuts\\Kr-Imp.Al.ERD.0.cut'
2024-08-01 10:07:02 - INFO - [Measurement : Kr-Imp] - Backed up old tof.in file to C:\Users\nilsw\Dropbox\Nils_Files\Tof_ERDA_Files\requests\20240521-PostAnnealZrO2.potku\Sample_05-Kr\Measurement_04-Kr-Imp\tof_in\tof.in_2024-08-01_10.07.02.bak
2024-08-01 10:07:02 - INFO - [Measurement : Kr-Imp] - Generated tof.in with params> 0
2024-08-01 10:07:31 - INFO - [Measurement : Xe-Imp] - Selection file C:\Users\nilsw\Dropbox\Nils_Files\Tof_ERDA_Files\requests\20240521-PostAnnealZrO2.potku\Sample_06-Xe\Measurement_01-Xe-Imp\Data\Xe-Imp.selections was read successfully!
2024-08-01 10:07:33 - INFO - [Measurement : Xe-Imp] - Backed up old tof.in file to C:\Users\nilsw\Dropbox\Nils_Files\Tof_ERDA_Files\requests\20240521-PostAnnealZrO2.potku\Sample_06-Xe\Measurement_01-Xe-Imp\tof_in\tof.in_2024-08-01_10.07.33.bak
2024-08-01 10:07:33 - INFO - [Measurement : Xe-Imp] - Generated tof.in with params> 0
2024-08-01 10:07:35 - ERROR - [Measurement : Xe-Imp] - Could not create Depth Profile graph: [Errno 2] No such file or directory: 'C:\\Users\\niwi9751\\potku\\requests\\20240521-PostAnnealZrO2.potku\\Sample_06-Xe\\Measurement_01-Xe-Imp\\Data\\Cuts\\Xe-Imp.Al.ERD.0.cut'
2024-08-01 10:08:10 - INFO - [Measurement : XeKr-Imp] - Selection file C:\Users\nilsw\Dropbox\Nils_Files\Tof_ERDA_Files\requests\20240521-PostAnnealZrO2.potku\Sample_07-XeKr\Measurement_01-XeKr-Imp\Data\XeKr-Imp.selections was read successfully!
2024-08-01 10:08:13 - INFO - [Measurement : XeKr-Imp] - Backed up old tof.in file to C:\Users\nilsw\Dropbox\Nils_Files\Tof_ERDA_Files\requests\20240521-PostAnnealZrO2.potku\Sample_07-XeKr\Measurement_01-XeKr-Imp\tof_in\tof.in_2024-08-01_10.08.13.bak
2024-08-01 10:08:13 - INFO - [Measurement : XeKr-Imp] - Generated tof.in with params> 0
2024-08-01 10:08:14 - ERROR - [Measurement : XeKr-Imp] - Could not create Depth Profile graph: [Errno 2] No such file or directory: 'C:\\Users\\niwi9751\\potku\\requests\\20240521-PostAnnealZrO2.potku\\Sample_07-XeKr\\Measurement_01-XeKr-Imp\\Data\\Cuts\\XeKr-Imp.Al.ERD.0.cut'
2024-08-13 08:12:44 - INFO - [Measurement : Kr-Imp] - Selection file C:\Users\nilsw\Dropbox\Nils_Files\Tof_ERDA_Files\requests\20240521-PostAnnealZrO2.potku\Sample_05-Kr\Measurement_04-Kr-Imp\Data\Kr-Imp.selections was read successfully!
2024-08-13 08:13:39 - INFO - [Measurement : Xe-Imp] - Selection file C:\Users\nilsw\Dropbox\Nils_Files\Tof_ERDA_Files\requests\20240521-PostAnnealZrO2.potku\Sample_06-Xe\Measurement_01-Xe-Imp\Data\Xe-Imp.selections was read successfully!
2024-08-20 14:51:34 - INFO - [Measurement : Kr-Ref] - Selection file C:\Users\nilsw\Dropbox\Nils_Files\Tof_ERDA_Files\requests\20240521-PostAnnealZrO2.potku\Sample_05-Kr\Measurement_02-Kr-Ref\Data\Kr-Ref.selections was read successfully!
2024-08-20 14:53:15 - INFO - [Measurement : Kr-Imp] - Selection file C:\Users\nilsw\Dropbox\Nils_Files\Tof_ERDA_Files\requests\20240521-PostAnnealZrO2.potku\Sample_05-Kr\Measurement_04-Kr-Imp\Data\Kr-Imp.selections was read successfully!
2024-09-27 10:29:32 - INFO - [Measurement : XeKr-Imp] - Selection file C:\Users\nilsw\Dropbox\Nils_Files\Tof_ERDA_Files\requests\20240521-PostAnnealZrO2.potku\Sample_07-XeKr\Measurement_01-XeKr-Imp\Data\XeKr-Imp.selections was read successfully!
2025-03-05 14:02:18 - INFO - [Measurement : Xe-Imp] - Selection file C:\Users\nilsw\Dropbox\Nils_Files\Tof_ERDA_Files\requests\20240521-PostAnnealZrO2.potku\Sample_06-Xe\Measurement_01-Xe-Imp\Data\Xe-Imp.selections was read successfully!
2025-03-05 14:02:19 - INFO - [Measurement : Xe-Imp] - Backed up old tof.in file to C:\Users\nilsw\Dropbox\Nils_Files\Tof_ERDA_Files\requests\20240521-PostAnnealZrO2.potku\Sample_06-Xe\Measurement_01-Xe-Imp\tof_in\tof.in_2025-03-05_14.02.19.bak
2025-03-05 14:02:19 - INFO - [Measurement : Xe-Imp] - Generated tof.in with params> 0
2025-03-25 12:39:50 - INFO - [Measurement : Kr-Imp] - Selection file C:\Users\nilsw\Dropbox\ThesisFiles\Nils_Files\Tof_ERDA_Files\20240521-PostAnnealZrO2.potku\Sample_05-Kr\Measurement_04-Kr-Imp\Data\Kr-Imp.selections was read successfully!
2025-03-25 12:39:52 - INFO - [Measurement : Kr-Imp] - Backed up old tof.in file to C:\Users\nilsw\Dropbox\ThesisFiles\Nils_Files\Tof_ERDA_Files\20240521-PostAnnealZrO2.potku\Sample_05-Kr\Measurement_04-Kr-Imp\tof_in\tof.in_2025-03-25_12.39.52.bak
2025-03-25 12:39:52 - INFO - [Measurement : Kr-Imp] - Generated tof.in with params> 0
2025-03-25 12:41:03 - INFO - [Measurement : Xe-Imp] - Selection file C:\Users\nilsw\Dropbox\ThesisFiles\Nils_Files\Tof_ERDA_Files\20240521-PostAnnealZrO2.potku\Sample_06-Xe\Measurement_01-Xe-Imp\Data\Xe-Imp.selections was read successfully!
2025-03-25 12:41:04 - INFO - [Measurement : Xe-Imp] - Backed up old tof.in file to C:\Users\nilsw\Dropbox\ThesisFiles\Nils_Files\Tof_ERDA_Files\20240521-PostAnnealZrO2.potku\Sample_06-Xe\Measurement_01-Xe-Imp\tof_in\tof.in_2025-03-25_12.41.04.bak
2025-03-25 12:41:04 - INFO - [Measurement : Xe-Imp] - Generated tof.in with params> 0
2025-03-25 12:41:58 - INFO - [Measurement : Xe-Imp] - Chosen selections were read successfully!
2025-03-25 12:42:07 - INFO - [Measurement : Xe-Imp] - Saving finished in 0.2909979820251465 seconds.
2025-03-25 12:42:36 - INFO - [Measurement : Kr-Ref] - Selection file C:\Users\nilsw\Dropbox\ThesisFiles\Nils_Files\Tof_ERDA_Files\20240521-PostAnnealZrO2.potku\Sample_05-Kr\Measurement_02-Kr-Ref\Data\Kr-Ref.selections was read successfully!
2025-03-25 12:42:36 - INFO - [Measurement : Kr-Ref] - Backed up old tof.in file to C:\Users\nilsw\Dropbox\ThesisFiles\Nils_Files\Tof_ERDA_Files\20240521-PostAnnealZrO2.potku\Sample_05-Kr\Measurement_02-Kr-Ref\tof_in\tof.in_2025-03-25_12.42.36.bak
2025-03-25 12:42:36 - INFO - [Measurement : Kr-Ref] - Generated tof.in with params> 0
2025-03-25 12:42:39 - ERROR - [Measurement : Kr-Ref] - Could not create Depth Profile graph: [Errno 2] No such file or directory: 'C:\\Users\\niwi9751\\potku\\requests\\20240521-PostAnnealZrO2.potku\\Sample_05-Kr\\Measurement_02-Kr-Ref\\Data\\Cuts\\Kr-Ref.Al.ERD.0.cut'
2025-03-25 12:49:02 - INFO - [Measurement : Xe-Imp] - Selection file C:\Users\nilsw\Dropbox\ThesisFiles\Nils_Files\Tof_ERDA_Files\20240521-PostAnnealZrO2.potku - Copy\Sample_06-Xe\Measurement_01-Xe-Imp\Data\Xe-Imp.selections was read successfully!
2025-03-25 12:49:03 - INFO - [Measurement : Xe-Imp] - Backed up old tof.in file to C:\Users\nilsw\Dropbox\ThesisFiles\Nils_Files\Tof_ERDA_Files\20240521-PostAnnealZrO2.potku - Copy\Sample_06-Xe\Measurement_01-Xe-Imp\tof_in\tof.in_2025-03-25_12.49.03.bak
2025-03-25 12:49:03 - INFO - [Measurement : Xe-Imp] - Generated tof.in with params> 0
