2024-03-05 10:24:35 - INFO - There was no old selection file to add to this request.
2024-03-05 10:30:31 - INFO - Saving finished in 0.19248414039611816 seconds.
2024-03-05 10:31:57 - INFO - Saving finished in 0.19348406791687012 seconds.
2024-03-05 10:36:52 - INFO - Selection file C:\Users\niwi9751\potku\requests\20240305-KrXe-In-ZrO2.potku\Sample_01-Ref\Measurement_01-SiC\Data\SiC.selections was read successfully!
2024-03-05 11:35:04 - INFO - Selection file C:\Users\niwi9751\potku\requests\20240305-KrXe-In-ZrO2.potku\Sample_01-Ref\Measurement_01-SiC\Data\SiC.selections was read successfully!
2024-09-06 06:51:23 - INFO - Selection file /mnt/StorageVolume/Dropbox/work-UU/DATA_ANALYSIS/analysis_ToF-ERDA/20240304_ToF-ERDA_Nils/20240304-KrXe-In-ZrO2.potku/Sample_01-Ref/Measurement_01-SiC/Data/SiC.selections was read successfully!
2024-09-06 07:00:47 - INFO - Selection file /mnt/StorageVolume/Dropbox/work-UU/DATA_ANALYSIS/analysis_ToF-ERDA/20240304_ToF-ERDA_Nils/20240304-KrXe-In-ZrO2.potku/Sample_01-Ref/Measurement_01-SiC/Data/SiC.selections was read successfully!
2024-09-06 07:03:12 - INFO - Saving single cut finished in 0.0101318359375 seconds.
2024-09-06 07:03:13 - INFO - Saving finished in 0.017534971237182617 seconds.
2024-09-06 07:04:25 - INFO - Saving single cut finished in 0.012108325958251953 seconds.
2024-09-06 07:04:25 - INFO - Saving finished in 0.01691460609436035 seconds.
2024-09-06 07:08:30 - INFO - Saving single cut finished in 0.012161016464233398 seconds.
2024-09-06 07:08:31 - INFO - Saving finished in 0.018392324447631836 seconds.
2024-09-06 07:18:13 - INFO - Saving single cut finished in 0.01653766632080078 seconds.
2024-09-06 07:20:20 - INFO - Saving single cut finished in 0.012992143630981445 seconds.
2024-09-06 07:22:23 - INFO - Saving finished in 0.026479721069335938 seconds.
2024-09-06 07:22:25 - INFO - Saving finished in 0.01692652702331543 seconds.
2024-09-06 07:36:53 - INFO - Selection file /mnt/StorageVolume/Dropbox/work-UU/DATA_ANALYSIS/analysis_ToF-ERDA/20240304_ToF-ERDA_Nils/20240304-KrXe-In-ZrO2.potku/Sample_01-Ref/Measurement_01-SiC/Data/SiC.selections was read successfully!
2024-09-06 07:36:58 - INFO - Saving single cut finished in 0.011354446411132812 seconds.
2024-09-06 07:37:13 - INFO - Saving finished in 0.019237041473388672 seconds.
